[portswigger.net/web-security/all-materials.html]
[backblue.gif]
[fade.gif]
[index.html]
[portswigger.net/content/images/logos/academy-twittercard.png]
[portswigger.net/content/images/logos/favicon.ico]
[portswigger.net/content/images/logos/apple-touch-icon.png]
[portswigger.net/content/pswebsecacademy.css]
[portswigger.net/content/fonts/ps-icons-small/ps-icons-small5722.woff]
[portswigger.net/content/fonts/ps-main/ps-icons6208.woff]
[portswigger.net/mega-nav/images/burp-suite-scanner.jpg]
[portswigger.net/mega-nav/images/burp-suite.jpg]
[portswigger.net/mega-nav/images/latest-burp-suite-software-download.jpg]
[portswigger.net/web-security/dashboard.html]
[portswigger.net/web-security/learning-paths.html]
[portswigger.net/web-security/request-smuggling.html]
[portswigger.net/web-security/web-cache-deception.html]
[portswigger.net/web-security/llm-attacks.html]
[portswigger.net/web-security/api-testing.html]
[portswigger.net/web-security/nosql-injection.html]
[portswigger.net/web-security/all-topics.html]
[portswigger.net/web-security/all-labs.html]
[portswigger.net/web-security/mystery-lab-challenge.html]
[portswigger.net/web-security/getting-started/kamil-vavra.html]
[portswigger.net/web-security/getting-started/johnny-villarreal.html]
[portswigger.net/web-security/getting-started/andres-rauschecker.html]
[portswigger.net/web-security/getting-started.html]
[portswigger.net/web-security/certification.html]
[portswigger.net/web-security/certification/how-to-prepare.html]
[portswigger.net/web-security/certification/how-it-works.html]
[portswigger.net/web-security/certification/practice-exam.html]
[portswigger.net/web-security/certification/exam-hints-and-guidance.html]
[portswigger.net/web-security/certification/frequently-asked-questions.html]
[portswigger.net/web-security/all-materials/detailed.html]
[portswigger.net/web-security/race-conditions.html]
[portswigger.net/web-security/graphql.html]
[portswigger.net/web-security/graphql/what-is-graphql.html]
[portswigger.net/web-security/prototype-pollution.html]
[portswigger.net/web-security/prototype-pollution/javascript-prototypes-and-inheritance.html]
[portswigger.net/web-security/prototype-pollution/client-side.html]
[portswigger.net/web-security/prototype-pollution/client-side/browser-apis.html]
[portswigger.net/web-security/prototype-pollution/server-side.html]
[portswigger.net/web-security/prototype-pollution/preventing.html]
[portswigger.net/web-security/essential-skills.html]
[portswigger.net/web-security/essential-skills/obfuscating-attacks-using-encodings.html]
[portswigger.net/web-security/essential-skills/using-burp-scanner-during-manual-testing.html]
[portswigger.net/web-security/sql-injection.html]
[portswigger.net/web-security/sql-injection/examining-the-database.html]
[portswigger.net/web-security/sql-injection/union-attacks.html]
[portswigger.net/web-security/sql-injection/blind.html]
[portswigger.net/web-security/sql-injection/cheat-sheet.html]
[portswigger.net/web-security/cross-site-scripting.html]
[portswigger.net/web-security/cross-site-scripting/reflected.html]
[portswigger.net/web-security/cross-site-scripting/stored.html]
[portswigger.net/web-security/cross-site-scripting/dom-based.html]
[portswigger.net/web-security/cross-site-scripting/contexts.html]
[portswigger.net/web-security/cross-site-scripting/contexts/client-side-template-injection.html]
[portswigger.net/web-security/cross-site-scripting/exploiting.html]
[portswigger.net/web-security/cross-site-scripting/dangling-markup.html]
[portswigger.net/web-security/cross-site-scripting/content-security-policy.html]
[portswigger.net/web-security/cross-site-scripting/preventing.html]
[portswigger.net/web-security/cross-site-scripting/cheat-sheet.html]
[portswigger.net/web-security/csrf.html]
[portswigger.net/web-security/csrf/xss-vs-csrf.html]
[portswigger.net/web-security/csrf/bypassing-token-validation.html]
[portswigger.net/web-security/csrf/bypassing-samesite-restrictions.html]
[portswigger.net/web-security/csrf/bypassing-referer-based-defenses.html]
[portswigger.net/web-security/csrf/preventing.html]
[portswigger.net/web-security/xxe.html]
[portswigger.net/web-security/xxe/xml-entities.html]
[portswigger.net/web-security/xxe/blind.html]
[portswigger.net/web-security/clickjacking.html]
[portswigger.net/web-security/cors.html]
[portswigger.net/web-security/cors/same-origin-policy.html]
[portswigger.net/web-security/cors/access-control-allow-origin.html]
[portswigger.net/web-security/ssrf.html]
[portswigger.net/web-security/ssrf/blind.html]
[portswigger.net/web-security/request-smuggling/finding.html]
[portswigger.net/web-security/request-smuggling/exploiting.html]
[portswigger.net/web-security/request-smuggling/advanced.html]
[portswigger.net/web-security/request-smuggling/advanced/http2-exclusive-vectors.html]
[portswigger.net/web-security/request-smuggling/advanced/response-queue-poisoning.html]
[portswigger.net/web-security/request-smuggling/advanced/request-tunnelling.html]
[portswigger.net/web-security/request-smuggling/advanced/http2-downgrading.html]
[portswigger.net/web-security/request-smuggling/browser.html]
[portswigger.net/web-security/request-smuggling/browser/cl-0.html]
[portswigger.net/web-security/request-smuggling/browser/client-side-desync.html]
[portswigger.net/web-security/request-smuggling/browser/pause-based-desync.html]
[portswigger.net/web-security/os-command-injection.html]
[portswigger.net/web-security/server-side-template-injection.html]
[portswigger.net/web-security/server-side-template-injection/exploiting.html]
[portswigger.net/web-security/deserialization.html]
[portswigger.net/web-security/deserialization/exploiting.html]
[portswigger.net/web-security/file-path-traversal.html]
[portswigger.net/web-security/access-control.html]
[portswigger.net/web-security/access-control/idor.html]
[portswigger.net/web-security/access-control/security-models.html]
[portswigger.net/web-security/authentication.html]
[portswigger.net/web-security/authentication/password-based.html]
[portswigger.net/web-security/authentication/multi-factor.html]
[portswigger.net/web-security/authentication/other-mechanisms.html]
[portswigger.net/web-security/authentication/securing.html]
[portswigger.net/web-security/authentication/auth-lab-usernames.html]
[portswigger.net/web-security/authentication/auth-lab-passwords.html]
[portswigger.net/web-security/oauth.html]
[portswigger.net/web-security/oauth/grant-types.html]
[portswigger.net/web-security/oauth/openid.html]
[portswigger.net/web-security/oauth/preventing.html]
[portswigger.net/web-security/logic-flaws.html]
[portswigger.net/web-security/logic-flaws/examples.html]
[portswigger.net/web-security/websockets.html]
[portswigger.net/web-security/websockets/what-are-websockets.html]
[portswigger.net/web-security/websockets/cross-site-websocket-hijacking.html]
[portswigger.net/web-security/dom-based.html]
[portswigger.net/web-security/dom-based/controlling-the-web-message-source.html]
[portswigger.net/web-security/dom-based/open-redirection.html]
[portswigger.net/web-security/dom-based/cookie-manipulation.html]
[portswigger.net/web-security/dom-based/javascript-injection.html]
[portswigger.net/web-security/dom-based/document-domain-manipulation.html]
[portswigger.net/web-security/dom-based/websocket-url-poisoning.html]
[portswigger.net/web-security/dom-based/link-manipulation.html]
[portswigger.net/web-security/dom-based/web-message-manipulation.html]
[portswigger.net/web-security/dom-based/ajax-request-header-manipulation.html]
[portswigger.net/web-security/dom-based/local-file-path-manipulation.html]
[portswigger.net/web-security/dom-based/client-side-sql-injection.html]
[portswigger.net/web-security/dom-based/html5-storage-manipulation.html]
[portswigger.net/web-security/dom-based/client-side-xpath-injection.html]
[portswigger.net/web-security/dom-based/client-side-json-injection.html]
[portswigger.net/web-security/dom-based/dom-data-manipulation.html]
[portswigger.net/web-security/dom-based/denial-of-service.html]
[portswigger.net/web-security/dom-based/dom-clobbering.html]
[portswigger.net/web-security/web-cache-poisoning.html]
[portswigger.net/web-security/web-cache-poisoning/exploiting-design-flaws.html]
[portswigger.net/web-security/web-cache-poisoning/exploiting-implementation-flaws.html]
[portswigger.net/web-security/host-header.html]
[portswigger.net/web-security/host-header/exploiting.html]
[portswigger.net/web-security/host-header/exploiting/password-reset-poisoning.html]
[portswigger.net/web-security/information-disclosure.html]
[portswigger.net/web-security/information-disclosure/exploiting.html]
[portswigger.net/web-security/file-upload.html]
[portswigger.net/web-security/jwt.html]
[portswigger.net/web-security/jwt/algorithm-confusion.html]
[portswigger.net/web-security/video-guidelines.html]
[portswigger.net/web-security/credits.html]
[portswigger.net/bundles/static-content/public/scripts/main18c2.js]
[portswigger.net/bundles/static-content/public/scripts/web-security5605.js]
[portswigger.net/content/images/logos/portswigger-logo.svg]
[portswigger.net/web-security/all-materials.html]
[portswigger.net/content/psmain.css]
[portswigger.net/web-security/request-smuggling/advanced/lab-request-smuggling-0cl-request-smuggling.html]
[portswigger.net/web-security/dashboard/images/hero-academy-getting-started-light-blue-small.jpg]
[portswigger.net/web-security/dashboard/images/academy-recommended-topic.jpg]
[portswigger.net/web-security/dashboard/images/hero-academy-getting-started-light-blue.jpg]
[portswigger.net/web-security/dashboard/images/explore-issue-650w.jpg]
[portswigger.net/web-security/dashboard.html]
[portswigger.net/content/pslearningpaths.css]
[portswigger.net/images/banners/learning-path.png]
[portswigger.net/web-security/learning-paths.html]
[portswigger.net/web-security/images/http-request-smuggling.svg]
[portswigger.net/web-security/images/forwarding-http-requests-to-back-end-server.svg]
[portswigger.net/web-security/images/smuggling-http-request-to-back-end-server.svg]
[portswigger.net/web-security/request-smuggling.html]
[portswigger.net/web-security/web-cache-deception/images/wcd-image-1.png]
[portswigger.net/web-security/images/caching.svg]
[portswigger.net/web-security/web-cache-deception.html]
[portswigger.net/web-security/web-cache-deception/wcd-lab-delimiter-list.html]
[portswigger.net/web-security/llm-attacks/images/llm_image1.png]
[portswigger.net/web-security/llm-attacks.html]
[portswigger.net/web-security/llm-attacks/images/llm_image2.png]
[portswigger.net/web-security/api-testing/server-side-parameter-pollution.html]
[portswigger.net/web-security/api-testing/top-10-api-vulnerabilities.html]
[portswigger.net/web-security/api-testing/images/api-testing-1.png]
[portswigger.net/web-security/api-testing.html]
[portswigger.net/web-security/nosql-injection/nosql-databases.html]
[portswigger.net/web-security/nosql-injection.html]
[portswigger.net/web-security/nosql-injection/images/nosql-injection-graphic.svg]
[portswigger.net/web-security/all-topics.html]
[portswigger.net/web-security/all-labs.html]
[portswigger.net/web-security/mystery-lab-challenge.html]
[portswigger.net/content/psgenerictheme.css]
[portswigger.net/content/images/logos/portswigger-twittercardlogo.png]
[portswigger.net/content/psacademy.css]
[portswigger.net/bundles/public/halloffamedafd.js]
[portswigger.net/web-security/hall-of-fame.html]
[portswigger.net/web-security/getting-started/images/wsa-hall-of-fame-interviews-smaller.jpg]
[portswigger.net/web-security/getting-started/images/kamil-vavra.jpg]
[portswigger.net/web-security/getting-started/images/ps-quote-left-orange.svg]
[portswigger.net/web-security/logic-flaws/examples/lab-logic-flaws-authentication-bypass-via-encryption-oracle.html]
[portswigger.net/web-security/getting-started/images/james-callout.png]
[portswigger.net/web-security/getting-started/kamil-vavra.html]
[portswigger.net/web-security/getting-started/images/johnny-villarreal.jpg]
[portswigger.net/web-security/getting-started/johnny-villarreal.html]
[portswigger.net/web-security/getting-started/images/andres-rauschecker.jpg]
[portswigger.net/web-security/getting-started/andres-rauschecker.html]
[portswigger.net/web-security/getting-started/images/hero-academy-getting-started.jpg]
[portswigger.net/web-security/getting-started/images/practice-our-learning.jpg]
[portswigger.net/web-security/getting-started/images/practice-your-skills.jpg]
[portswigger.net/web-security/getting-started/images/track-your-progress.jpg]
[portswigger.net/web-security/getting-started/images/academy-recommended-topic.jpg]
[portswigger.net/images/youtube/oude5sj_uc8.jpg]
[portswigger.net/images/youtube/_wifm2g9ugg.jpg]
[portswigger.net/images/youtube/nect-0zw0o4.jpg]
[portswigger.net/web-security/images/landing-pages/academy-homepage-cert-banner.png]
[portswigger.net/web-security/getting-started.html]
[portswigger.net/content/psproducts.css]
[portswigger.net/web-security/certification/images/certified-secondary-hero.png]
[portswigger.net/web-security/xFd1OGjdzr6TUztwgEW+rq7LHS7/zNJ/index.html]
[portswigger.net/web-security/certification/terms-and-conditions.html]
[portswigger.net/web-security/certification/verify-your-certification.html]
[portswigger.net/web-security/certification/images/validate-your-certification.svg]
[portswigger.net/web-security/certification.html]
[portswigger.net/web-security/certification/how-to-prepare/practitioner-labs-prep-step-one.html]
[portswigger.net/web-security/cross-site-scripting/exploiting/lab-stealing-cookies.html]
[portswigger.net/web-security/sql-injection/blind/lab-out-of-band-data-exfiltration.html]
[portswigger.net/web-security/oauth/lab-oauth-forced-oauth-profile-linking.html]
[portswigger.net/web-security/authentication/other-mechanisms/lab-brute-forcing-a-stay-logged-in-cookie.html]
[portswigger.net/web-security/request-smuggling/exploiting/lab-capture-other-users-requests.html]
[portswigger.net/web-security/ssrf/lab-ssrf-with-blacklist-filter.html]
[portswigger.net/web-security/sql-injection/lab-sql-injection-with-filter-bypass-via-xml-encoding.html]
[portswigger.net/web-security/essential-skills/using-burp-scanner-during-manual-testing/lab-discovering-vulnerabilities-quickly-with-targeted-scanning.html]
[portswigger.net/web-security/certification/images/exam.jpg]
[portswigger.net/web-security/certification/how-to-prepare.html]
[portswigger.net/web-security/certification/how-it-works.html]
[portswigger.net/web-security/certification/practice-exam.html]
[portswigger.net/web-security/certification/exam-hints-and-guidance.html]
[portswigger.net/web-security/certification/frequently-asked-questions.html]
[portswigger.net/web-security/certification/exam-hints-and-guidance/retaking-your-exam.html]
[portswigger.net/web-security/race-conditions/lab-race-conditions-limit-overrun.html]
[portswigger.net/web-security/race-conditions/lab-race-conditions-bypassing-rate-limits.html]
[portswigger.net/web-security/race-conditions/lab-race-conditions-multi-endpoint.html]
[portswigger.net/web-security/race-conditions/lab-race-conditions-single-endpoint.html]
[portswigger.net/web-security/race-conditions/lab-race-conditions-partial-construction.html]
[portswigger.net/web-security/all-materials/detailed.html]
[portswigger.net/web-security/race-conditions/lab-race-conditions-exploiting-time-sensitive-vulnerabilities.html]
[portswigger.net/web-security/race-conditions/images/race-conditions-main-graphic.png]
[portswigger.net/web-security/race-conditions/images/race-conditions-discount-code-normal.png]
[portswigger.net/web-security/race-conditions/images/race-conditions-discount-code-race.png]
[portswigger.net/web-security/race-conditions/images/race-conditions-basic.png]
[portswigger.net/web-security/race-conditions/images/race-conditions-single-packet-attack.png]
[portswigger.net/web-security/race-conditions/images/race-conditions-methodology.png]
[portswigger.net/web-security/race-conditions/images/race-conditions-collision-potential.png]
[portswigger.net/web-security/race-conditions/images/race-conditions-basket-adjustment-race.png]
[portswigger.net/web-security/race-conditions/images/race-conditions-multi-endpoint.png]
[portswigger.net/web-security/race-conditions/images/race-conditions-client-side-delay.png]
[portswigger.net/web-security/race-conditions/images/race-conditions-abusing-rate-or-resource-limits.png]
[portswigger.net/web-security/race-conditions/images/race-conditions-password-reset-collision.png]
[portswigger.net/web-security/race-conditions.html]
[portswigger.net/web-security/graphql/images/graphql-graphic.png]
[portswigger.net/web-security/graphql.html]
[portswigger.net/web-security/graphql/what-is-graphql.html]
[portswigger.net/web-security/prototype-pollution.html]
[portswigger.net/web-security/prototype-pollution/images/prototype-pollution-infographic.svg]
[portswigger.net/web-security/prototype-pollution/images/prototype-pollution-inheritance.svg]
[portswigger.net/web-security/prototype-pollution/images/prototype-pollution-console-screenshot.png]
[portswigger.net/web-security/prototype-pollution/javascript-prototypes-and-inheritance.html]
[portswigger.net/web-security/prototype-pollution/client-side.html]
[portswigger.net/web-security/prototype-pollution/client-side/browser-apis.html]
[portswigger.net/web-security/prototype-pollution/images/prototype-pollution-prototype-chain.svg]
[portswigger.net/web-security/prototype-pollution/server-side.html]
[portswigger.net/web-security/prototype-pollution/preventing.html]
[portswigger.net/web-security/essential-skills.html]
[portswigger.net/web-security/essential-skills/obfuscating-attacks-using-encodings.html]
[portswigger.net/web-security/prototype-pollution/server-side/lab-detecting-server-side-prototype-pollution-without-polluted-property-reflection.html]
[portswigger.net/web-security/essential-skills/images/scanning-active-scan.png]
[portswigger.net/web-security/essential-skills/images/scan-selected-insertion-point.png]
[portswigger.net/web-security/essential-skills/using-burp-scanner-during-manual-testing.html]
[portswigger.net/web-security/images/sql-injection.svg]
[portswigger.net/web-security/images/second-order-sql-injection.svg]
[portswigger.net/web-security/sql-injection.html]
[portswigger.net/web-security/sql-injection/examining-the-database.html]
[portswigger.net/web-security/sql-injection/union-attacks.html]
[portswigger.net/web-security/sql-injection/blind.html]
[portswigger.net/web-security/sql-injection/cheat-sheet.html]
[portswigger.net/web-security/images/cross-site-scripting.svg]
[portswigger.net/web-security/cross-site-scripting.html]
[portswigger.net/web-security/cross-site-scripting/reflected.html]
[portswigger.net/web-security/cross-site-scripting/stored.html]
[portswigger.net/web-security/cross-site-scripting/dom-based.html]
[portswigger.net/web-security/cross-site-scripting/contexts.html]
[portswigger.net/web-security/cross-site-scripting/contexts/client-side-template-injection.html]
[portswigger.net/web-security/cross-site-scripting/exploiting.html]
[portswigger.net/web-security/cross-site-scripting/dangling-markup.html]
[portswigger.net/web-security/cross-site-scripting/content-security-policy.html]
[portswigger.net/web-security/cross-site-scripting/preventing.html]
[portswigger.net/web-security/cross-site-scripting/cheat-sheet.pdf]
[portswigger.net/web-security/cross-site-scripting/q28znAttMX43hbUOZNeBS/+rgxtMBkf/index.html]
[portswigger.net/web-security/images/browser-logos/chrome.svg]
[portswigger.net/web-security/images/browser-logos/firefox.svg]
[portswigger.net/web-security/images/browser-logos/safari.svg]
[portswigger.net/web-security/cross-site-scripting/cheat-sheet-data.js]
[portswigger.net/web-security/cross-site-scripting/init-cheat-sheet.js]
[portswigger.net/bundles/static-content/public/scripts/cheat-sheet2d21.js]
[portswigger.net/web-security/cross-site-scripting/cheat-sheet.html]
[portswigger.net/web-security/images/cross-site request forgery.svg]
[portswigger.net/web-security/csrf.html]
[portswigger.net/web-security/csrf/xss-vs-csrf.html]
[portswigger.net/web-security/csrf/bypassing-token-validation.html]
[portswigger.net/web-security/csrf/images/site-definition.png]
[portswigger.net/web-security/csrf/images/site-vs-origin.png]
[portswigger.net/web-security/csrf/bypassing-samesite-restrictions.html]
[portswigger.net/web-security/csrf/bypassing-referer-based-defenses.html]
[portswigger.net/web-security/csrf/preventing.html]
[portswigger.net/web-security/images/xxe-injection.svg]
[portswigger.net/web-security/xxe.html]
[portswigger.net/web-security/xxe/xml-entities.html]
[portswigger.net/web-security/xxe/blind.html]
[portswigger.net/web-security/images/clickjacking-infographic.svg]
[portswigger.net/web-security/clickjacking.html]
[portswigger.net/web-security/io29flB66nnEo/hU+ttR8DxiwfJv9yd/index.html]
[portswigger.net/web-security/ssrf/url-validation-bypass-cheat-sheet.html]
[portswigger.net/web-security/images/attack-on-cors.svg]
[portswigger.net/web-security/cors.html]
[portswigger.net/web-security/cors/same-origin-policy.html]
[portswigger.net/web-security/cors/access-control-allow-origin.html]
[portswigger.net/web-security/images/server-side request forgery.svg]
[portswigger.net/web-security/ssrf.html]
[portswigger.net/web-security/ssrf/blind.html]
[portswigger.net/web-security/request-smuggling/finding.html]
[portswigger.net/web-security/request-smuggling/exploiting.html]
[portswigger.net/web-security/request-smuggling/advanced/images/http2-downgrading.jpg]
[portswigger.net/web-security/request-smuggling/advanced.html]
[portswigger.net/web-security/request-smuggling/advanced/http2-exclusive-vectors.html]
[portswigger.net/web-security/request-smuggling/advanced/images/response-queue-poisoning.jpg]
[portswigger.net/web-security/request-smuggling/advanced/images/stealing-other-users-responses.jpg]
[portswigger.net/web-security/request-smuggling/advanced/response-queue-poisoning.html]
[portswigger.net/web-security/request-smuggling/advanced/images/no-connection-reuse.png]
[portswigger.net/web-security/request-smuggling/advanced/images/http-request-tunnelling.jpg]
[portswigger.net/web-security/request-smuggling/advanced/request-tunnelling.html]
[portswigger.net/web-security/request-smuggling/exploiting/lab-reveal-front-end-request-rewriting.html]
[portswigger.net/web-security/request-smuggling/advanced/images/http2-http1-mapping.jpg]
[portswigger.net/web-security/request-smuggling/advanced/http2-downgrading.html]
[portswigger.net/web-security/request-smuggling/browser/cl-0/lab-cl-0-request-smuggling.html]
[portswigger.net/web-security/request-smuggling/browser/client-side-desync/lab-client-side-desync.html]
[portswigger.net/web-security/request-smuggling/browser.html]
[portswigger.net/web-security/request-smuggling/browser/cl-0.html]
[portswigger.net/web-security/request-smuggling/browser/pause-based-desync/lab-server-side-pause-based-request-smuggling.html]
[portswigger.net/web-security/request-smuggling/images/client-side-desync.jpg]
[portswigger.net/web-security/request-smuggling/browser/client-side-desync.html]
[portswigger.net/web-security/request-smuggling/browser/pause-based-desync.html]
[portswigger.net/web-security/images/os-command-injection.svg]
[portswigger.net/web-security/os-command-injection.html]
[portswigger.net/web-security/images/ssti-methodology-diagram.png]
[portswigger.net/web-security/images/template-decision-tree.png]
[portswigger.net/web-security/server-side-template-injection.html]
[portswigger.net/web-security/server-side-template-injection/exploiting.html]
[portswigger.net/web-security/images/deserialization-infographic.jpg]
[portswigger.net/web-security/images/deserialization-diagram.jpg]
[portswigger.net/web-security/deserialization.html]
[portswigger.net/web-security/deserialization/exploiting.html]
[portswigger.net/web-security/images/directory-traversal.svg]
[portswigger.net/web-security/file-path-traversal.html]
[portswigger.net/web-security/images/access-control.svg]
[portswigger.net/web-security/access-control.html]
[portswigger.net/web-security/access-control/idor.html]
[portswigger.net/web-security/access-control/security-models.html]
[portswigger.net/web-security/authentication.html]
[portswigger.net/web-security/authentication/password-based.html]
[portswigger.net/web-security/authentication/multi-factor.html]
[portswigger.net/web-security/authentication/other-mechanisms.html]
[portswigger.net/web-security/authentication/securing.html]
[portswigger.net/web-security/authentication/auth-lab-usernames.html]
[portswigger.net/web-security/authentication/auth-lab-passwords.html]
[portswigger.net/web-security/images/password-reset-poisoning.svg]
[portswigger.net/web-security/images/oauth.jpg]
[portswigger.net/web-security/oauth.html]
[portswigger.net/web-security/images/oauth-authorization-code-flow.jpg]
[portswigger.net/web-security/images/oauth-implicit-flow.jpg]
[portswigger.net/web-security/oauth/grant-types.html]
[portswigger.net/web-security/oauth/openid.html]
[portswigger.net/web-security/oauth/preventing.html]
[portswigger.net/web-security/images/logic-flaws.jpg]
[portswigger.net/web-security/logic-flaws.html]
[portswigger.net/web-security/logic-flaws/examples.html]
[portswigger.net/web-security/images/websockets.svg]
[portswigger.net/web-security/websockets.html]
[portswigger.net/web-security/websockets/what-are-websockets.html]
[portswigger.net/web-security/websockets/cross-site-websocket-hijacking.html]
[portswigger.net/web-security/dom-based.html]
[portswigger.net/web-security/dom-based/controlling-the-web-message-source.html]
[portswigger.net/web-security/dom-based/open-redirection.html]
[portswigger.net/web-security/dom-based/cookie-manipulation.html]
[portswigger.net/web-security/dom-based/javascript-injection.html]
[portswigger.net/web-security/dom-based/document-domain-manipulation.html]
[portswigger.net/web-security/dom-based/websocket-url-poisoning.html]
[portswigger.net/web-security/dom-based/link-manipulation.html]
[portswigger.net/web-security/dom-based/web-message-manipulation.html]
[portswigger.net/web-security/dom-based/ajax-request-header-manipulation.html]
[portswigger.net/web-security/dom-based/local-file-path-manipulation.html]
[portswigger.net/web-security/dom-based/client-side-sql-injection.html]
[portswigger.net/web-security/dom-based/html5-storage-manipulation.html]
[portswigger.net/web-security/dom-based/client-side-xpath-injection.html]
[portswigger.net/web-security/dom-based/client-side-json-injection.html]
[portswigger.net/web-security/dom-based/dom-data-manipulation.html]
[portswigger.net/web-security/dom-based/denial-of-service.html]
[portswigger.net/web-security/dom-based/dom-clobbering.html]
[portswigger.net/web-security/images/param-miner.png]
[portswigger.net/web-security/dom-based/dJjy0LQ2XPDsmwHK3/i4WoQ0FJ+4Blg/index.html]
[portswigger.net/web-security/images/cache-poisoning.svg]
[portswigger.net/web-security/web-cache-poisoning.html]
[portswigger.net/web-security/web-cache-poisoning/exploiting-design-flaws.html]
[portswigger.net/web-security/web-cache-poisoning/exploiting-implementation-flaws.html]
[portswigger.net/web-security/images/host-header-attacks.jpg]
[portswigger.net/web-security/host-header.html]
[portswigger.net/web-security/host-header/exploiting.html]
[portswigger.net/web-security/host-header/exploiting/password-reset-poisoning.html]
[portswigger.net/web-security/images/information-disclosure.jpg]
[portswigger.net/web-security/information-disclosure.html]
[portswigger.net/web-security/information-disclosure/exploiting.html]
[portswigger.net/web-security/file-upload/images/file-upload-vulnerabilities.jpg]
[portswigger.net/web-security/file-upload.html]
[portswigger.net/web-security/jwt/images/jwt-infographic.jpg]
[portswigger.net/web-security/jwt/images/jwt-jws-jwe.jpg]
[portswigger.net/web-security/jwt.html]
[portswigger.net/web-security/jwt/images/jwt-symmetric-signing-algorithm.jpg]
[portswigger.net/web-security/jwt/images/jwt-asymmetric-signing-algorithm.jpg]
[portswigger.net/web-security/jwt/algorithm-confusion.html]
[portswigger.net/web-security/video-guidelines.html]
[portswigger.net/web-security/credits.html]
[portswigger.net/web-security/request-smuggling/advanced/lab-request-smuggling-0cl-request-smuggling.html]
[portswigger.net/web-security/web-cache-deception/wcd-lab-delimiter-list.html]
[portswigger.net/web-security/api-testing/images/api-testing-2.jpg]
[portswigger.net/web-security/api-testing/server-side-parameter-pollution.html]
[portswigger.net/web-security/api-testing/top-10-api-vulnerabilities.html]
[portswigger.net/web-security/nosql-injection/nosql-databases.html]
[portswigger.net/web-security/logic-flaws/examples/lab-logic-flaws-authentication-bypass-via-encryption-oracle.html]
[portswigger.net/web-security/xFd1OGjdzr6TUztwgEW+rq7LHS7/zNJ/index.html]
[portswigger.net/web-security/certification/terms-and-conditions/website-terms-of-use.html]
[portswigger.net/web-security/certification/terms-and-conditions.html]
[portswigger.net/web-security/certification/verify-your-certification.html]
[portswigger.net/web-security/certification/how-to-prepare/practitioner-labs-prep-step-one.html]
[portswigger.net/web-security/cross-site-scripting/exploiting/lab-stealing-cookies.html]
[portswigger.net/web-security/sql-injection/blind/lab-out-of-band-data-exfiltration.html]
[portswigger.net/web-security/oauth/lab-oauth-forced-oauth-profile-linking.html]
[portswigger.net/web-security/authentication/other-mechanisms/lab-brute-forcing-a-stay-logged-in-cookie.html]
[portswigger.net/web-security/request-smuggling/exploiting/lab-capture-other-users-requests.html]
[portswigger.net/web-security/ssrf/lab-ssrf-with-blacklist-filter.html]
[portswigger.net/web-security/sql-injection/lab-sql-injection-with-filter-bypass-via-xml-encoding.html]
[portswigger.net/web-security/essential-skills/using-burp-scanner-during-manual-testing/lab-discovering-vulnerabilities-quickly-with-targeted-scanning.html]
[portswigger.net/web-security/certification/exam-hints-and-guidance/retaking-your-exam.html]
[portswigger.net/web-security/race-conditions/lab-race-conditions-limit-overrun.html]
[portswigger.net/web-security/race-conditions/lab-race-conditions-bypassing-rate-limits.html]
[portswigger.net/web-security/race-conditions/lab-race-conditions-multi-endpoint.html]
[portswigger.net/web-security/race-conditions/lab-race-conditions-single-endpoint.html]
[portswigger.net/web-security/race-conditions/lab-race-conditions-partial-construction.html]
[portswigger.net/web-security/race-conditions/lab-race-conditions-exploiting-time-sensitive-vulnerabilities.html]
[portswigger.net/web-security/prototype-pollution/server-side/lab-detecting-server-side-prototype-pollution-without-polluted-property-reflection.html]
[portswigger.net/web-security/cross-site-scripting/q28znAttMX43hbUOZNeBS/+rgxtMBkf/index.html]
[portswigger.net/web-security/io29flB66nnEo/hU+ttR8DxiwfJv9yd/index.html]
[portswigger.net/web-security/cross-site-scripting/exploiting/lab-perform-csrf.html]
[portswigger.net/web-security/ssrf/url-validation-bypass-cheat-sheet.js]
[portswigger.net/web-security/ssrf/url-validation-bypass-cheat-sheet.html]
[portswigger.net/web-security/request-smuggling/exploiting/lab-reveal-front-end-request-rewriting.html]
[portswigger.net/web-security/request-smuggling/browser/cl-0/lab-cl-0-request-smuggling.html]
[portswigger.net/web-security/request-smuggling/browser/client-side-desync/lab-client-side-desync.html]
[portswigger.net/web-security/request-smuggling/browser/pause-based-desync/lab-server-side-pause-based-request-smuggling.html]
[portswigger.net/web-security/dom-based/dJjy0LQ2XPDsmwHK3/i4WoQ0FJ+4Blg/index.html]
[portswigger.net/web-security/certification/terms-and-conditions/website-terms-of-use.html]
[portswigger.net/web-security/cross-site-scripting/exploiting/lab-perform-csrf.html]
[portswigger.net/web-security/request-smuggling/browser/pause-based-desync/XTe++eLdmwOEXKE0Az6rqZNdFoiBKIe/index.html]
[portswigger.net/web-security/request-smuggling/browser/pause-based-desync/XTe++eLdmwOEXKE0Az6rqZNdFoiBKIe/index.html]
[portswigger.net/bundles/static-content/public/scripts/web-security5605.js]
[portswigger.net/web-security/dashboard/images/explore-issue-650w.jpg]
[portswigger.net/web-security/llm-attacks/images/llm_image1.png]
[portswigger.net/web-security/llm-attacks/images/llm_image2.png]
[portswigger.net/web-security/api-testing/images/api-testing-1.png]
[portswigger.net/bundles/public/halloffamedafd.js]
[portswigger.net/web-security/essential-skills/images/scan-selected-insertion-point.png]
[portswigger.net/web-security/cross-site-scripting/cheat-sheet.pdf]
[portswigger.net/web-security/cross-site-scripting/init-cheat-sheet.js]
[portswigger.net/web-security/images/oauth-authorization-code-flow.jpg]
[portswigger.net/content/fonts/ps-main/ps-icons6208.svg]
[portswigger.net/content/images/patterns/dots-spaced.svg]
[portswigger.net/web-security/essential-skills/images/scanning-active-scan.png]
[portswigger.net/content/images/svg/ps-quote-left-orange.svg]
[portswigger.net/content/pswebsecacademy.css]
[portswigger.net/content/images/svg/icons/enterprise.svg]
[portswigger.net/content/images/svg/icons/professional.svg]
[portswigger.net/content/images/svg/icons/community.svg]
[portswigger.net/content/images/logos/burp-suite-icon.svg]
[portswigger.net/content/images/logos/portswigger-logo.svg]
[portswigger.net/content/images/patterns/dots-small.svg]
[portswigger.net/content/psmain.css]
[portswigger.net/content/pslearningpaths.css]
[portswigger.net/web-security/images/http-request-smuggling.svg]
[portswigger.net/web-security/images/forwarding-http-requests-to-back-end-server.svg]
[portswigger.net/web-security/images/smuggling-http-request-to-back-end-server.svg]
[portswigger.net/web-security/images/caching.svg]
[portswigger.net/web-security/api-testing/server-side-parameter-pollution.html]
[portswigger.net/web-security/nosql-injection/nosql-databases.html]
[portswigger.net/web-security/nosql-injection/images/nosql-injection-graphic.svg]
[portswigger.net/content/psgenerictheme.css]
[portswigger.net/content/fonts/ps-icons-small/ps-icons-small5722.eot]
[portswigger.net/content/images/patterns/cross-pattern.png]
[portswigger.net/content/images/patterns/cross-pattern-half-opacity.png]
[portswigger.net/content/images/svg/ps-lab-instructions.svg]
[portswigger.net/content/images/banners/banner-home.jpg]
[portswigger.net/content/images/banners/banner-home.webp]
[portswigger.net/content/images/banners/banner-safe200-grey.svg]
[portswigger.net/content/images/banners/trees-bottom-med.jpg]
[portswigger.net/content/images/banners/banner-team-grey.jpg]
[portswigger.net/content/images/banners/web-academy-footer.svg]
[portswigger.net/content/images/banners/trees-mobile.jpg]
[portswigger.net/content/images/banners/web-academy-footer-mobile.svg]
[portswigger.net/content/images/banners/banner-orange-two.jpg]
[portswigger.net/content/images/banners/banner-orange-two.jpg]
[portswigger.net/content/images/banners/banner-map-orange-top.svg]
[portswigger.net/content/images/banners/banner-map-orange-bottom.svg]
[portswigger.net/content/images/banners/trees.jpg]
[portswigger.net/content/images/banners/trees-top-med.jpg]
[portswigger.net/content/images/banners/banner-download.svg]
[portswigger.net/content/images/banners/banner-companylogos.svg]
[portswigger.net/content/images/banners/banner-montage-grey.jpg]
[portswigger.net/content/images/banners/banner-montage-grey.jpg]
[portswigger.net/content/images/banners/banner-quotes.svg]
[portswigger.net/content/images/banners/banner-safe.jpg]
[portswigger.net/content/images/banners/banner-safe.jpg]
[portswigger.net/content/images/banners/banner-home-acad-background.webp]
[portswigger.net/content/images/banners/banner-home-acad-background.png]
[portswigger.net/content/images/banners/banner-academy-hero.jpg]
[portswigger.net/content/images/banners/banner-academy-footer.jpg]
[portswigger.net/content/images/vulnerabilities/clickjacking-background.jpg]
[portswigger.net/content/images/vulnerabilities/csrf-background.jpg]
[portswigger.net/content/images/vulnerabilities/directory-traversal-background.jpg]
[portswigger.net/content/images/vulnerabilities/request-smuggling-background.jpg]
[portswigger.net/content/images/vulnerabilities/sql-injection-background.jpg]
[portswigger.net/content/images/vulnerabilities/ssrf-background.jpg]
[portswigger.net/content/images/vulnerabilities/websockets-background.jpg]
[portswigger.net/content/images/vulnerabilities/xss-background.jpg]
[portswigger.net/content/images/vulnerabilities/generic-tile-background.jpg]
[portswigger.net/content/images/banners/squares.jpg]
[portswigger.net/content/psacademy.css]
[portswigger.net/content/images/svg/ps-web-academy-mag-glass.svg]
[portswigger.net/web-security/getting-started/images/ps-quote-left-orange.svg]
[portswigger.net/content/psproducts.css]
[portswigger.net/web-security/certification/images/validate-your-certification.svg]
[portswigger.net/web-security/prototype-pollution/images/prototype-pollution-infographic.svg]
[portswigger.net/web-security/prototype-pollution/images/prototype-pollution-inheritance.svg]
[portswigger.net/web-security/prototype-pollution/images/prototype-pollution-prototype-chain.svg]
[portswigger.net/web-security/images/sql-injection.svg]
[portswigger.net/web-security/images/second-order-sql-injection.svg]
[portswigger.net/web-security/images/cross-site-scripting.svg]
[portswigger.net/web-security/images/icons/copy.svg]
[portswigger.net/web-security/images/icons/link.svg]
[portswigger.net/web-security/images/browser-logos/chrome.svg]
[portswigger.net/web-security/images/browser-logos/firefox.svg]
[portswigger.net/web-security/images/browser-logos/safari.svg]
[portswigger.net/web-security/images/cross-site request forgery.svg]
[portswigger.net/web-security/images/xxe-injection.svg]
[portswigger.net/web-security/images/clickjacking-infographic.svg]
[portswigger.net/web-security/images/attack-on-cors.svg]
[portswigger.net/web-security/images/server-side request forgery.svg]
[portswigger.net/web-security/images/os-command-injection.svg]
[portswigger.net/web-security/images/directory-traversal.svg]
[portswigger.net/web-security/images/access-control.svg]
[portswigger.net/web-security/images/password-reset-poisoning.svg]
[portswigger.net/web-security/images/websockets.svg]
[portswigger.net/web-security/images/cache-poisoning.svg]
[portswigger.net/content/images/logos/portswigger-logo-mobile.svg]
[portswigger.net/content/images/svg/ps-quote-open-grey.svg]
[portswigger.net/content/images/svg/ps-quote-close-grey.svg]
[portswigger.net/content/fonts/ps-main/ps-icons6208.svg]
[portswigger.net/content/images/patterns/dots-spaced.svg]
[portswigger.net/content/images/svg/arrow-youtube.svg]
[portswigger.net/content/images/svg/ps-quote-left-orange.svg]
[portswigger.net/content/images/svg/icons/lab-flask.svg]
[portswigger.net/content/images/svg/icons/academy-check.svg]
[portswigger.net/content/images/patterns/dots-small.svg]
[portswigger.net/content/images/svg/ps-logo-lines-white.svg]
[portswigger.net/content/images/svg/ps-warning.svg]
[portswigger.net/content/images/svg/ps-logo-lines-circle-orange.svg]
[portswigger.net/content/images/svg/ps-definition.svg]
[portswigger.net/content/images/svg/ps-lab-instructions.svg]
[portswigger.net/content/images/svg/ps-links.svg]
[portswigger.net/content/images/svg/ps-notes.svg]
[portswigger.net/content/images/svg/ps-q-and-a.svg]
[portswigger.net/content/images/svg/ps-solution.svg]
[portswigger.net/content/images/svg/ps-tick-circle-orange.svg]
[portswigger.net/content/images/svg/ps-warning-orange.svg]
[portswigger.net/content/images/svg/ps-logo-lines-circle-white.svg]
[portswigger.net/content/images/svg/ps-warning-white.svg]
[portswigger.net/content/images/svg/ps-tick-circle-white.svg]
[portswigger.net/content/images/svg/notifications/ps-icon-fill-error.svg]
[portswigger.net/content/images/svg/notifications/ps-icon-fill-warning.svg]
[portswigger.net/content/images/svg/notifications/ps-icon-fill-success.svg]
[portswigger.net/content/images/svg/notifications/ps-icon-fill-information.svg]
[portswigger.net/content/images/svg/notifications/ps-icon-information.svg]
[portswigger.net/content/images/svg/notifications/ps-icon-error.svg]
[portswigger.net/content/images/svg/notifications/ps-icon-warning.svg]
[portswigger.net/content/images/svg/notifications/ps-icon-success.svg]
[portswigger.net/content/images/banners/banner-safe200-grey.svg]
[portswigger.net/content/images/banners/web-academy-footer.svg]
[portswigger.net/content/images/banners/web-academy-footer-mobile.svg]
[portswigger.net/content/images/banners/banner-map-orange-top.svg]
[portswigger.net/content/images/banners/banner-map-orange-bottom.svg]
[portswigger.net/content/images/banners/banner-download.svg]
[portswigger.net/content/images/banners/banner-companylogos.svg]
[portswigger.net/content/images/banners/banner-quotes.svg]
[portswigger.net/content/images/svg/ps-cross-circle-grey.svg]
[portswigger.net/content/images/svg/ps-cross-circle-orange.svg]
[portswigger.net/content/images/svg/icons/warning-red.svg]
[portswigger.net/content/images/svg/icons/warning-red.svg]
